// Jest Snapshot v1, https://goo.gl/fbAQLP

exports[`Accordion should render without crash 1`] = `
Object {
  "asFragment": [Function],
  "baseElement": <body>
    <div>
      <div
        class="card "
      >
        <div
          class="card-header "
        >
          <h5
            class="mb-0"
          >
            Colapse element
          </h5>
          <span
            class="card-header-icon"
          >
            <svg
              height="100%"
              viewBox="0 0 24 24"
              xmlns="http://www.w3.org/2000/svg"
            >
              <path
                d="M18 12c0 .327-.121.652-.364.901l-9.509 9.726a1.228 1.228 0 01-1.762 0 1.294 1.294 0 010-1.802L14.993 12 6.365 3.175a1.294 1.294 0 010-1.802 1.228 1.228 0 011.762 0l9.509 9.727c.243.249.364.575.364.901z"
                fill="#007AFF"
                fill-rule="nonzero"
              />
            </svg>
          </span>
        </div>
        <div
          class="collapse "
        >
          <div
            class="card-body"
          >
            <div
              id="dumb-undefined"
            >
              Element div
            </div>
          </div>
        </div>
      </div>
    </div>
  </body>,
  "container": <div>
    <div
      class="card "
    >
      <div
        class="card-header "
      >
        <h5
          class="mb-0"
        >
          Colapse element
        </h5>
        <span
          class="card-header-icon"
        >
          <svg
            height="100%"
            viewBox="0 0 24 24"
            xmlns="http://www.w3.org/2000/svg"
          >
            <path
              d="M18 12c0 .327-.121.652-.364.901l-9.509 9.726a1.228 1.228 0 01-1.762 0 1.294 1.294 0 010-1.802L14.993 12 6.365 3.175a1.294 1.294 0 010-1.802 1.228 1.228 0 011.762 0l9.509 9.727c.243.249.364.575.364.901z"
              fill="#007AFF"
              fill-rule="nonzero"
            />
          </svg>
        </span>
      </div>
      <div
        class="collapse "
      >
        <div
          class="card-body"
        >
          <div
            id="dumb-undefined"
          >
            Element div
          </div>
        </div>
      </div>
    </div>
  </div>,
  "debug": [Function],
  "findAllByAltText": [Function],
  "findAllByDisplayValue": [Function],
  "findAllByLabelText": [Function],
  "findAllByPlaceholderText": [Function],
  "findAllByRole": [Function],
  "findAllByTestId": [Function],
  "findAllByText": [Function],
  "findAllByTitle": [Function],
  "findByAltText": [Function],
  "findByDisplayValue": [Function],
  "findByLabelText": [Function],
  "findByPlaceholderText": [Function],
  "findByRole": [Function],
  "findByTestId": [Function],
  "findByText": [Function],
  "findByTitle": [Function],
  "getAllByAltText": [Function],
  "getAllByDisplayValue": [Function],
  "getAllByLabelText": [Function],
  "getAllByPlaceholderText": [Function],
  "getAllByRole": [Function],
  "getAllByTestId": [Function],
  "getAllByText": [Function],
  "getAllByTitle": [Function],
  "getByAltText": [Function],
  "getByDisplayValue": [Function],
  "getByLabelText": [Function],
  "getByPlaceholderText": [Function],
  "getByRole": [Function],
  "getByTestId": [Function],
  "getByText": [Function],
  "getByTitle": [Function],
  "queryAllByAltText": [Function],
  "queryAllByDisplayValue": [Function],
  "queryAllByLabelText": [Function],
  "queryAllByPlaceholderText": [Function],
  "queryAllByRole": [Function],
  "queryAllByTestId": [Function],
  "queryAllByText": [Function],
  "queryAllByTitle": [Function],
  "queryByAltText": [Function],
  "queryByDisplayValue": [Function],
  "queryByLabelText": [Function],
  "queryByPlaceholderText": [Function],
  "queryByRole": [Function],
  "queryByTestId": [Function],
  "queryByText": [Function],
  "queryByTitle": [Function],
  "rerender": [Function],
  "unmount": [Function],
}
`;
