// Jest Snapshot v1, https://goo.gl/fbAQLP

exports[`DatePicker should render DatePicker with defaults 1`] = `
Object {
  "asFragment": [Function],
  "baseElement": <body>
    <div>
      <div
        class="DatePicker"
      >
        <div
          class="DatePicker__input"
        >
          <div
            class="form-group  "
          >
            <label
              class="col-form-label"
              style="visibility: hidden;"
            >
              Fecha
            </label>
            <div
              class="custom-input-group"
            >
              <input
                class="undefined form-control input-group-br-no"
                type="text"
                value=""
              />
              <span
                class="right-content"
              >
                <div
                  class="svg-icon svg-icon-calendar"
                />
              </span>
            </div>
          </div>
        </div>
        <div
          class="DatePicker__calendar"
          tabindex="0"
        >
          <label
            class="col-form-label"
          >
            Selecciona un 
            día
          </label>
          <div
            class="DatePicker__calendar__days-grid"
          >
            <span
              class="DatePicker__calendar__element"
            >
              01
            </span>
            <span
              class="DatePicker__calendar__element"
            >
              02
            </span>
            <span
              class="DatePicker__calendar__element"
            >
              03
            </span>
            <span
              class="DatePicker__calendar__element"
            >
              04
            </span>
            <span
              class="DatePicker__calendar__element"
            >
              05
            </span>
            <span
              class="DatePicker__calendar__element"
            >
              06
            </span>
            <span
              class="DatePicker__calendar__element"
            >
              07
            </span>
            <span
              class="DatePicker__calendar__element"
            >
              08
            </span>
            <span
              class="DatePicker__calendar__element"
            >
              09
            </span>
            <span
              class="DatePicker__calendar__element"
            >
              10
            </span>
            <span
              class="DatePicker__calendar__element"
            >
              11
            </span>
            <span
              class="DatePicker__calendar__element"
            >
              12
            </span>
            <span
              class="DatePicker__calendar__element"
            >
              13
            </span>
            <span
              class="DatePicker__calendar__element"
            >
              14
            </span>
            <span
              class="DatePicker__calendar__element"
            >
              15
            </span>
            <span
              class="DatePicker__calendar__element"
            >
              16
            </span>
            <span
              class="DatePicker__calendar__element"
            >
              17
            </span>
            <span
              class="DatePicker__calendar__element"
            >
              18
            </span>
            <span
              class="DatePicker__calendar__element"
            >
              19
            </span>
            <span
              class="DatePicker__calendar__element"
            >
              20
            </span>
            <span
              class="DatePicker__calendar__element"
            >
              21
            </span>
            <span
              class="DatePicker__calendar__element"
            >
              22
            </span>
            <span
              class="DatePicker__calendar__element"
            >
              23
            </span>
            <span
              class="DatePicker__calendar__element"
            >
              24
            </span>
            <span
              class="DatePicker__calendar__element"
            >
              25
            </span>
            <span
              class="DatePicker__calendar__element"
            >
              26
            </span>
            <span
              class="DatePicker__calendar__element"
            >
              27
            </span>
            <span
              class="DatePicker__calendar__element"
            >
              28
            </span>
            <span
              class="DatePicker__calendar__element"
            >
              29
            </span>
            <span
              class="DatePicker__calendar__element"
            >
              30
            </span>
            <span
              class="DatePicker__calendar__element"
            >
              31
            </span>
          </div>
        </div>
      </div>
    </div>
  </body>,
  "container": <div>
    <div
      class="DatePicker"
    >
      <div
        class="DatePicker__input"
      >
        <div
          class="form-group  "
        >
          <label
            class="col-form-label"
            style="visibility: hidden;"
          >
            Fecha
          </label>
          <div
            class="custom-input-group"
          >
            <input
              class="undefined form-control input-group-br-no"
              type="text"
              value=""
            />
            <span
              class="right-content"
            >
              <div
                class="svg-icon svg-icon-calendar"
              />
            </span>
          </div>
        </div>
      </div>
      <div
        class="DatePicker__calendar"
        tabindex="0"
      >
        <label
          class="col-form-label"
        >
          Selecciona un 
          día
        </label>
        <div
          class="DatePicker__calendar__days-grid"
        >
          <span
            class="DatePicker__calendar__element"
          >
            01
          </span>
          <span
            class="DatePicker__calendar__element"
          >
            02
          </span>
          <span
            class="DatePicker__calendar__element"
          >
            03
          </span>
          <span
            class="DatePicker__calendar__element"
          >
            04
          </span>
          <span
            class="DatePicker__calendar__element"
          >
            05
          </span>
          <span
            class="DatePicker__calendar__element"
          >
            06
          </span>
          <span
            class="DatePicker__calendar__element"
          >
            07
          </span>
          <span
            class="DatePicker__calendar__element"
          >
            08
          </span>
          <span
            class="DatePicker__calendar__element"
          >
            09
          </span>
          <span
            class="DatePicker__calendar__element"
          >
            10
          </span>
          <span
            class="DatePicker__calendar__element"
          >
            11
          </span>
          <span
            class="DatePicker__calendar__element"
          >
            12
          </span>
          <span
            class="DatePicker__calendar__element"
          >
            13
          </span>
          <span
            class="DatePicker__calendar__element"
          >
            14
          </span>
          <span
            class="DatePicker__calendar__element"
          >
            15
          </span>
          <span
            class="DatePicker__calendar__element"
          >
            16
          </span>
          <span
            class="DatePicker__calendar__element"
          >
            17
          </span>
          <span
            class="DatePicker__calendar__element"
          >
            18
          </span>
          <span
            class="DatePicker__calendar__element"
          >
            19
          </span>
          <span
            class="DatePicker__calendar__element"
          >
            20
          </span>
          <span
            class="DatePicker__calendar__element"
          >
            21
          </span>
          <span
            class="DatePicker__calendar__element"
          >
            22
          </span>
          <span
            class="DatePicker__calendar__element"
          >
            23
          </span>
          <span
            class="DatePicker__calendar__element"
          >
            24
          </span>
          <span
            class="DatePicker__calendar__element"
          >
            25
          </span>
          <span
            class="DatePicker__calendar__element"
          >
            26
          </span>
          <span
            class="DatePicker__calendar__element"
          >
            27
          </span>
          <span
            class="DatePicker__calendar__element"
          >
            28
          </span>
          <span
            class="DatePicker__calendar__element"
          >
            29
          </span>
          <span
            class="DatePicker__calendar__element"
          >
            30
          </span>
          <span
            class="DatePicker__calendar__element"
          >
            31
          </span>
        </div>
      </div>
    </div>
  </div>,
  "debug": [Function],
  "findAllByAltText": [Function],
  "findAllByDisplayValue": [Function],
  "findAllByLabelText": [Function],
  "findAllByPlaceholderText": [Function],
  "findAllByRole": [Function],
  "findAllByTestId": [Function],
  "findAllByText": [Function],
  "findAllByTitle": [Function],
  "findByAltText": [Function],
  "findByDisplayValue": [Function],
  "findByLabelText": [Function],
  "findByPlaceholderText": [Function],
  "findByRole": [Function],
  "findByTestId": [Function],
  "findByText": [Function],
  "findByTitle": [Function],
  "getAllByAltText": [Function],
  "getAllByDisplayValue": [Function],
  "getAllByLabelText": [Function],
  "getAllByPlaceholderText": [Function],
  "getAllByRole": [Function],
  "getAllByTestId": [Function],
  "getAllByText": [Function],
  "getAllByTitle": [Function],
  "getByAltText": [Function],
  "getByDisplayValue": [Function],
  "getByLabelText": [Function],
  "getByPlaceholderText": [Function],
  "getByRole": [Function],
  "getByTestId": [Function],
  "getByText": [Function],
  "getByTitle": [Function],
  "queryAllByAltText": [Function],
  "queryAllByDisplayValue": [Function],
  "queryAllByLabelText": [Function],
  "queryAllByPlaceholderText": [Function],
  "queryAllByRole": [Function],
  "queryAllByTestId": [Function],
  "queryAllByText": [Function],
  "queryAllByTitle": [Function],
  "queryByAltText": [Function],
  "queryByDisplayValue": [Function],
  "queryByLabelText": [Function],
  "queryByPlaceholderText": [Function],
  "queryByRole": [Function],
  "queryByTestId": [Function],
  "queryByText": [Function],
  "queryByTitle": [Function],
  "rerender": [Function],
  "unmount": [Function],
}
`;
